[ageroute.ci/index.html]
[backblue.gif]
[fade.gif]
[index.html]
[ageroute.ci/templates/ageroute/favicon.ico]
[ageroute.ci/indexc0d0.html]
[ageroute.ci/media/cck/css/cck.css]
[ageroute.ci/media/cck/css/cck.intro.css]
[ageroute.ci/modules/mod_highlighter_gk5/interface/css/style.css]
[ageroute.ci/index7b17.html]
[ageroute.ci/modules/mod_image_show_gk4/styles/gk_hotel_tabs/style.css]
[ageroute.ci/media/jui/js/jquery.minbfdb.js]
[ageroute.ci/media/jui/js/jquery-noconflictbfdb.js]
[ageroute.ci/media/jui/js/jquery-migrate.minbfdb.js]
[ageroute.ci/media/jui/js/bootstrap.minbfdb.js]
[ageroute.ci/media/cck/js/cck.core-3.18.2.min.js]
[ageroute.ci/modules/mod_highlighter_gk5/interface/scripts/jquery.easing.js]
[ageroute.ci/modules/mod_highlighter_gk5/interface/scripts/engine.jquery.js]
[ageroute.ci/modules/mod_image_show_gk4/styles/gk_hotel_tabs/engine.js]
[ageroute.ci/templates/ageroute/apple_touch_icon.png]
[ageroute.ci/templates/ageroute/styles/ageroute/css/bootstrap.css]
[ageroute.ci/templates/ageroute/styles/ageroute/css/theme.css]
[ageroute.ci/templates/ageroute/css/custom.css]
[ageroute.ci/templates/ageroute/styles/ageroute/css/plyr.css]
[ageroute.ci/templates/ageroute/warp/vendor/uikit/js/uikit.js]
[ageroute.ci/templates/ageroute/warp/vendor/uikit/js/components/autocomplete.js]
[ageroute.ci/templates/ageroute/warp/vendor/uikit/js/components/search.js]
[ageroute.ci/templates/ageroute/warp/vendor/uikit/js/components/tooltip.js]
[ageroute.ci/templates/ageroute/warp/vendor/uikit/js/components/sticky.js]
[ageroute.ci/templates/ageroute/warp/vendor/uikit/js/components/slideset.js]
[ageroute.ci/templates/ageroute/warp/vendor/uikit/js/components/slider.js]
[ageroute.ci/templates/ageroute/warp/vendor/uikit/js/components/lightbox.js]
[ageroute.ci/templates/ageroute/warp/js/social.js]
[ageroute.ci/templates/ageroute/styles/ageroute/js/theme.js]
[ageroute.ci/templates/ageroute/styles/ageroute/js/jquery.onscreen.min.js]
[ageroute.ci/templates/ageroute/styles/ageroute/js/plyr.js]
[connect.facebook.net/fr_FR/sdk.js]
[ageroute.ci/images/module/social/linkedin.png]
[ageroute.ci/images/module/social/facebook.png]
[ageroute.ci/images/module/social/googleplus.png]
[ageroute.ci/images/module/social/twitter.png]
[ageroute.ci/images/module/social/youtube.png]
[ageroute.ci/images/logo/logo-ageroute.png]
[ageroute.ci/ageroute/informations-generales/mot-du-directeur-general.html]
[ageroute.ci/ageroute/informations-generales/missions.html]
[ageroute.ci/ageroute/informations-generales/representation.html]
[ageroute.ci/ageroute/prestations/conseils-et-conventions.html]
[ageroute.ci/ageroute/prestations/les-conseils-generaux.html]
[ageroute.ci/gestion-du-reseau/reseau-routier/repartition-cartographie.html]
[ageroute.ci/gestion-du-reseau/reseau-routier/etat-evolution.html]
[ageroute.ci/gestion-du-reseau/reseau-routier/signalisation.html]
[ageroute.ci/gestion-du-reseau/reseau-routier/banque-de-donnees.html]
[ageroute.ci/projets/projets-routiers/urbains.html]
[ageroute.ci/projets/projets-routiers/interurbains.html]
[ageroute.ci/projets/ouvrages-d-art/ponts.html]
[ageroute.ci/projets/ouvrages-d-art/echangeurs.html]
[ageroute.ci/appels-d-offres/avis-d-appel-d-offres-de-travaux.html]
[ageroute.ci/appels-d-offres/avis-de-manifestation-d-interet.html]
[ageroute.ci/appels-d-offres/avis-du-reseau-africatip.html]
[ageroute.ci/appels-d-offres/avis-de-passation-de-marches.html]
[ageroute.ci/appels-d-offres/appel-offre-de-fournitures.html]
[ageroute.ci/appels-d-offres/resultas.html]
[ageroute.ci/actualites/news.html]
[ageroute.ci/actualites/evenements.html]
[ageroute.ci/actualites/documentations.html]
[ageroute.ci/actualites/magazines.html]
[ageroute.ci/actualites/videos.html]
[ageroute.ci/actualites/communiques.html]
[ageroute.ci/actualites/vie-de-l-entreprise.html]
[ageroute.ci/actualites/dossiers.html]
[ageroute.ci/contact.html]
[ageroute.ci/actualites/communiques/270-communique-de-presse.html]
[ageroute.ci/actualites/communiques/194-2020-05-06-13-38-11.html]
[ageroute.ci/actualites/documentations/34-reglements/93-reglement-n-14-2005-cm-uemoa.html]
[ageroute.ci/media/files/160/avisvoie-latrillesortie-ouestsortie-ouestlatrilley4--07032019-pb.pdf]
[ageroute.ci/actualites/news/272-route-de-l-est-bientot-la-fin-du-calvaire.html]
[ageroute.ci/images/article/272/_thumb2/image7.png]
[ageroute.ci/actualites/news/266-phase-2-echangeur-de-l-amitie-ivoiro-japonaise-le-directeur-general-de-l-ageroute-en-visite-de-travail.html]
[ageroute.ci/images/article/266/_thumb2/25934190448361209897822094501521288275370441n.gif]
[ageroute.ci/actualites/news/261-politique-qhse-le-dg-engage-l-agence-au-systeme-de-management-integre-qhse.html]
[ageroute.ci/images/article/261/_thumb2/piccertif.png]
[ageroute.ci/images/article/259/_thumb2/picdgbhci.png]
[ageroute.ci/images/dg-ageroute.jpg]
[ageroute.ci/images/module/vie-entreprise.jpg]
[ageroute.ci/projets/projets-routiers/urbains/252-travaux-de-renforcement-et-d-elargissement-de-la-liaison-carrefour-sable-route-de-dabou.html]
[ageroute.ci/actualites/news/259-partenariat-ageroute-bhci-le-directeur-general-de-l-ageroute-monsieur-fabrice-coulibaly-echange-avec-une-delegation-de-la-banque-de-l-habitat-de-cote-]
[ageroute.ci/projets/projets-routiers/interurbains/251-travaux-de-renforcement-de-la-route-cotiere.html]
[ageroute.ci/projets/ouvrages-d-art/ponts/39-pont-de-bouafle.html]
[ageroute.ci/ageroute/realisations/82-construction-de-l-echangeur-vge.html]
[ageroute.ci/images/article/82/_thumb5/echangeur-marcory-vge.jpg]
[ageroute.ci/ageroute/realisations/103-voies-d-acces-a-l-hopital-general-d-angre-cocody.html]
[ageroute.ci/images/article/103/_thumb5/hkb.jpg]
[ageroute.ci/index060f.html]
[ageroute.ci/ageroute/realisations/102-pont-philippe-gregoire-yace-pont-de-jacqueville.html]
[ageroute.ci/images/article/102/_thumb5/pont-philippe-gregoire-yace-pont-de-jacqueville.jpg]
[ageroute.ci/ageroute/realisations/100-nouveau-pont-de-bouafle-sur-le-fleuve-marahoue.html]
[ageroute.ci/images/article/100/_thumb5/pont-de-bouafle.jpg]
[ageroute.ci/ageroute/realisations/99-voie-express-mohammed-vi-route-abobo-anyama.html]
[ageroute.ci/images/article/99/_thumb5/amenagement-de-la-route-abobo-anyama.jpg]
[ageroute.ci/ageroute/realisations/98-voie-express-abidjan-grand-bassam.html]
[ageroute.ci/images/article/98/_thumb5/autoroute-abidjan-grand-bassam.jpg]
[ageroute.ci/ageroute/realisations/96-renforcement-de-la-route-comoe-abengourou-agnibilekro.html]
[ageroute.ci/images/article/96/_thumb5/route-comoe-abengourou-agnibilekro.jpg]
[ageroute.ci/ageroute/realisations/94-prolongement-de-l-autoroute-du-nord.html]
[ageroute.ci/images/article/94/_thumb5/prolongement-autoroute-du-nord.jpg]
[ageroute.ci/ageroute/realisations/81-echangeur-de-la-riviera-2.html]
[ageroute.ci/images/article/81/_thumb5/echangeur-riv2.jpg]
[ageroute.ci/ageroute/realisations/80-route-boundiali-bolona.html]
[ageroute.ci/images/article/80/_thumb5/route-boundiali-bolona.jpg]
[ageroute.ci/ageroute/realisations.html]
[ageroute.ci/appels-d-offres/avis-d-appel-d-offres-de-travaux/267-travaux-de-construction-de-clotures-des-sites-de-recasement-des-personnes-affectees-dans-le-cadre-du-ptua.html]
[ageroute.ci/appels-d-offres/avis-d-appel-d-offres-de-travaux/273-appel-d-offres-n-f-295-2021-relatif-a-la-fourniture-d-equipements-pour-la-mesure-et-la-surveillance-de-la-qualite-de-]
[ageroute.ci/appels-d-offres/avis-d-appel-d-offres-de-travaux/211-avis-d-appel-d-offres-international-n-t310-2020.html]
[ageroute.ci/appels-d-offres/avis-d-appel-d-offres-de-travaux/269-avis-d-appel-d-offres-n-t-940-2021-relatifs-a-travaux-de-construction-de-centres-multifonctionnels-et-d-infrastructur]
[ageroute.ci/appels-d-offres/avis-de-manifestation-d-interet/275-etude-d-elaboration-du-plan-vert-du-district-autonome-d-abidjan-et-du-parkway-de-la-v23-de-yopougon.html]
[ageroute.ci/appels-d-offres/avis-de-manifestation-d-interet/274-etude-d-appui-a-la-reglementation-et-au-controle-des-hydrocarbures-en-cote-d-ivoire.html]
[ageroute.ci/appels-d-offres/avis-de-manifestation-d-interet/263-avis-d-appel-d-offres-n-f-279-2021.html]
[ageroute.ci/appels-d-offres/appel-offre-de-fournitures/210-avis-d-appel-d-offres-n-f-152-2020-fourniture-de-materiels-techniques-pour-le-district-autonome-d-abidjan.html]
[ageroute.ci/appels-d-offres/avis-de-manifestation-d-interet/253-avis-a-manifestation-d-interet-pour-le-recrutement-d-un-consultant-pour-les-etudes-techniques-sommaires-aps-et-detaill]
[ageroute.ci/appels-d-offres/appel-offre-de-fournitures/208-avis-d-appel-d-offres-n-f-147-2020.html]
[ageroute.ci/appels-d-offres/appel-offre-de-fournitures/268-vis-de-publication-appel-d-offres-n-f-295-2021-fourniture-d-equipements-pour-la-mesure-et-la-surveillance-de-la-qualite-de-]
[ageroute.ci/appels-d-offres/resultas/264-publication-de-l-attribution-de-contrats-de-consultants-dans-le-cadre-du-projet-de-transport-urbain-d-abidjan-ptua.html]
[ageroute.ci/appels-d-offres/resultas/262-publication-de-l-attribution-de-contrats-de-consultants-2.html]
[ageroute.ci/actualites/videos/260-travaux-de-renforcement-de-la-route-cotiere.html]
[ageroute.ci/appels-d-offres/resultas/255-publication-des-resultats-de-l-analyse-des-offres-techniques-dans-le-cadre-des-projets-finances-par-la-banque-ouest-africaine-de-developpemen]
[ageroute.ci/appels-d-offres/resultas/254-publication-de-l-attribution-de-contrats-de-consultants-dans-le-cadre-des-projets-finances-par-la-banque-africaine-de-developpement.76.delaye]
[ageroute.ci/images/thumb_videos/260/picdgbhci.png]
[ageroute.ci/actualites/videos/245-attention-a-la-desinformation.html]
[ageroute.ci/images/thumb_videos/245/picdg.gif]
[ageroute.ci/actualites/videos/231-ageroute-plus-que-jamais-nous-portons-le-developpement-par-les-routes-partout-en-cote-d-ivoire-excellente-annee-2021.html]
[ageroute.ci/images/thumb_videos/231/bonneannee.png]
[ageroute.ci/actualites/videos/229-6-eme-et-derniere-reunion-du-conseil-d-administration-de-l-ageroute-bilan-et-perspectives.html]
[ageroute.ci/images/thumb_videos/229/conseiladmin.png]
[ageroute.ci/images/page/banque-de-donnees-ageroute-S.jpg]
[ageroute.ci/ageroute/le-reseau-routier.html]
[ageroute.ci/images/page/reseau-routier.jpg]
[ageroute.ci/images/page/signalisation.jpg]
[ageroute.ci/images/page/travaux.jpg]
[ageroute.ci/images/partenaires/banque-mondiale.png]
[ageroute.ci/images/partenaires/union-europeenne.png]
[ageroute.ci/images/partenaires/isdb.png]
[ageroute.ci/images/partenaires/badea.png]
[ageroute.ci/images/partenaires/kuwait-fund.png]
[ageroute.ci/images/partenaires/partenaire-ageroute-3.png]
[ageroute.ci/images/partenaires/banque-africaine-developpement.png]
[ageroute.ci/images/partenaires/agence-francaise-developpement.png]
[ageroute.ci/images/partenaires/ofid.png]
[ageroute.ci/images/partenaires/jica.png]
[ageroute.ci/images/partenaires/koica.png]
[ageroute.ci/images/partenaires/boad.png]
[ageroute.ci/images/partenaires/uemoa.png]
[ageroute.ci/images/partenaires/cedeao.png]
[ageroute.ci/images/partenaires/bidc.png]
[ageroute.ci/images/partenaires/exim-bank.png]
[ageroute.ci/images/partenaires/fer.png]
[ageroute.ci/images/partenaires/conseil-cafe-cacao.png]
[ageroute.ci/images/partenaires/africatip.png]
[ageroute.ci/images/partenaires/agepar.png]
[ageroute.ci/images/partenaires/Korea-Expressway-Corporation.png]
[ageroute.ci/images/partenaires/smb.png]
[ageroute.ci/images/partenaires/world-road.png]
[ageroute.ci/images/logo/embleme-ministere-infrastructures.png]
[ageroute.ci/index.html]
[ageroute.ci/sensibilisation.html]
[ageroute.ci/media/cck/images/spinner.gif]
[ageroute.ci/media/cck/css/cck.css]
[ageroute.ci/media/cck/css/cck.intro.css]
[ageroute.ci/modules/mod_highlighter_gk5/interface/images/interface.png]
[ageroute.ci/modules/mod_highlighter_gk5/interface/css/style.css]
[ageroute.ci/modules/mod_image_show_gk4/styles/gk_hotel_tabs/preloader.gif]
[ageroute.ci/modules/mod_image_show_gk4/styles/gk_hotel_tabs/pattern50.png]
[ageroute.ci/modules/mod_image_show_gk4/styles/gk_hotel_tabs/style.css]
[ageroute.ci/templates/ageroute/styles/ageroute/css/bootstrap.css]
[ageroute.ci/templates/ageroute/styles/ageroute/fonts/valeraround.eot]
[ageroute.ci/templates/ageroute/styles/ageroute/fonts/valeraroundd41d.eot]
[ageroute.ci/templates/ageroute/styles/ageroute/fonts/valeraround.woff2]
[ageroute.ci/templates/ageroute/styles/ageroute/fonts/valeraround.woff]
[ageroute.ci/templates/ageroute/styles/ageroute/fonts/valeraround.ttf]
[ageroute.ci/templates/ageroute/warp/vendor/uikit/fonts/fontawesome-webfont.woff2]
[ageroute.ci/templates/ageroute/warp/vendor/uikit/fonts/fontawesome-webfont.woff]
[ageroute.ci/templates/ageroute/warp/vendor/uikit/fonts/fontawesome-webfont.ttf]
[ageroute.ci/templates/ageroute/styles/ageroute/css/theme.css]
[ageroute.ci/templates/ageroute/images/bg.jpg]
[ageroute.ci/templates/ageroute/images/bg-teaser.jpg]
[ageroute.ci/templates/ageroute/css/custom.css]
[ageroute.ci/templates/ageroute/styles/ageroute/css/plyr.css]
[connect.facebook.net/fr_FR/sdk.js]
[ageroute.ci/media/com_acymailing/css/module_default99d1.css]
[ageroute.ci/media/com_acymailing/js/acymailing_module0e82.js]
[ageroute.ci/media/system/js/mootools-corebfdb.js]
[ageroute.ci/ageroute/informations-generales/mot-du-directeur-general.html]
[ageroute.ci/ageroute/informations-generales/historique.html]
[ageroute.ci/ageroute/informations-generales/missions.html]
[ageroute.ci/media/system/js/corebfdb.js]
[ageroute.ci/images/representation-ageroute.png]
[ageroute.ci/ageroute/informations-generales/representation.html]
[ageroute.ci/ageroute/prestations/conseils-et-conventions.html]
[ageroute.ci/images/page/collectivites-locales-ageroute.jpg]
[ageroute.ci/ageroute/prestations/les-conseils-generaux.html]
[ageroute.ci/images/cartereseauroutier-01.png]
[ageroute.ci/gestion-du-reseau/reseau-routier/repartition-cartographie.html]
[ageroute.ci/gestion-du-reseau/reseau-routier/etat-evolution.html]
[ageroute.ci/images/page/signalisation-routiere.jpg]
[ageroute.ci/gestion-du-reseau/reseau-routier/signalisation.html]
[ageroute.ci/images/page/banque-de-donnees-ageroute.jpg]
[ageroute.ci/gestion-du-reseau/reseau-routier/banque-de-donnees.html]
[ageroute.ci/projets/projets-routiers/urbainsc0d0]
[ageroute.ci/projets/projets-routiers/urbains7b17]
[ageroute.ci/images/article/252/_thumb4/23158615344840192783257175019212832863817320n.png]
[ageroute.ci/projets/projets-routiers/urbains.html]
[ageroute.ci/projets/projets-routiers/interurbainsc0d0]
[ageroute.ci/projets/projets-routiers/interurbains7b17]
[ageroute.ci/images/article/251/_thumb4/24235019846240634276546348493992692429565851n.png]
[ageroute.ci/projets/projets-routiers/interurbains.html]
[ageroute.ci/projets/ouvrages-d-art/pontsc0d0]
[ageroute.ci/projets/ouvrages-d-art/ponts7b17]
[ageroute.ci/images/article/39/_thumb4/4eme-pont.jpg]
[ageroute.ci/projets/ouvrages-d-art/ponts.html]
[ageroute.ci/projets/ouvrages-d-art/echangeursc0d0]
[ageroute.ci/projets/ouvrages-d-art/echangeurs7b17]
[ageroute.ci/projets/ouvrages-d-art/echangeurs.html]
[ageroute.ci/appels-d-offres/avis-d-appel-d-offres-de-travauxc0d0]
[ageroute.ci/appels-d-offres/avis-d-appel-d-offres-de-travaux7b17]
[ageroute.ci/appels-d-offres/avis-d-appel-d-offres-de-travaux/197-travaux-de-construction-de-trois-03-echangeurs-a-abidjan-3.html]
[ageroute.ci/appels-d-offres/avis-d-appel-d-offres-de-travaux/209-reponses-a-des-demandes-d-eclaircissements-travaux-de-construction-de-trois-03-echangeurs-sur-le-boulevard-mitterand-]
[ageroute.ci/appels-d-offres/avis-d-appel-d-offres-de-travaux.html]
[ageroute.ci/appels-d-offres/avis-d-appel-d-offres-de-travaux034f.html]
[ageroute.ci/appels-d-offres/avis-de-manifestation-d-interetc0d0]
[ageroute.ci/appels-d-offres/avis-de-manifestation-d-interet7b17]
[ageroute.ci/appels-d-offres/avis-de-manifestation-d-interet/242-projet-de-transport-urbain-d-abidjan-ptua-avis-a-manifestation-d-interet-services-de-consultants.html]
[ageroute.ci/appels-d-offres/avis-de-manifestation-d-interet/241-avis-d-appels-d-offres-n-f137-2021.html]
[ageroute.ci/appels-d-offres/avis-de-manifestation-d-interet034f.html]
[ageroute.ci/appels-d-offres/avis-de-manifestation-d-interetbd13.html]
[ageroute.ci/appels-d-offres/avis-de-manifestation-d-interet.html]
[ageroute.ci/appels-d-offres/avis-de-manifestation-d-interetebc2.html]
[ageroute.ci/appels-d-offres/avis-du-reseau-africatipc0d0]
[ageroute.ci/appels-d-offres/avis-du-reseau-africatip7b17]
[ageroute.ci/appels-d-offres/avis-du-reseau-africatip.html]
[ageroute.ci/appels-d-offres/avis-de-passation-de-marchesc0d0]
[ageroute.ci/appels-d-offres/avis-de-passation-de-marches7b17]
[ageroute.ci/appels-d-offres/avis-de-passation-de-marches.html]
[ageroute.ci/appels-d-offres/appel-offre-de-fournituresc0d0]
[ageroute.ci/appels-d-offres/appel-offre-de-fournitures7b17]
[ageroute.ci/appels-d-offres/appel-offre-de-fournitures.html]
[ageroute.ci/appels-d-offres/resultasc0d0]
[ageroute.ci/appels-d-offres/resultas7b17]
[ageroute.ci/appels-d-offres/resultas/248-publication-de-l-attribution-de-contrats-de-consultants.html]
[ageroute.ci/appels-d-offres/resultas034f.html]
[ageroute.ci/appels-d-offres/resultas/234-resultat-de-l-appel-d-offres-national-n-t-683-2020-portant-sur-les-travaux-de-construction-des-logements-impactes-dans-le-cadre-des-travaux-d]
[ageroute.ci/appels-d-offres/resultasbd13.html]
[ageroute.ci/appels-d-offres/resultas.html]
[ageroute.ci/appels-d-offres/resultasebc2.html]
[ageroute.ci/actualites/newsc0d0]
[ageroute.ci/actualites/news7b17]
[ageroute.ci/images/article/272/_thumb4/image7.png]
[ageroute.ci/images/article/266/_thumb4/25934190448361209897822094501521288275370441n.gif]
[ageroute.ci/images/article/261/_thumb4/piccertif.png]
[ageroute.ci/images/article/259/_thumb4/picdgbhci.png]
[ageroute.ci/actualites/news/249-lancement-des-travaux-de-renforcement-de-la-route-cotiere.html]
[ageroute.ci/images/article/249/_thumb4/photolancementcotiere.png]
[ageroute.ci/actualites/news/250-seminaire-de-formation-des-coordonnateurs-et-directeurs-de-l-ageroute.html]
[ageroute.ci/images/article/250/_thumb4/2438175318281848278424368849470818916019169n.png]
[ageroute.ci/actualites/news034f.html]
[ageroute.ci/actualites/news.html]
[ageroute.ci/actualites/newsbd13.html]
[ageroute.ci/actualites/evenementsc0d0]
[ageroute.ci/actualites/evenements7b17]
[ageroute.ci/actualites/evenements/256-les-rencontres-annuelles-des-mobilites-rames.html]
[ageroute.ci/images/article/256/_thumb4/21684418144119257688684024055775071092145099n.png]
[ageroute.ci/actualites/evenements.html]
[ageroute.ci/actualites/documentationsc0d0]
[ageroute.ci/actualites/documentations7b17]
[ageroute.ci/actualites/documentations/19-rapports/218-ptua-resume-du-rapport-de-suivi-social-periode-avril-a-juin-2020.html]
[ageroute.ci/actualites/documentations/19-rapports/217-resume-du-rapport-de-suivi-social-periode-janvier-a-mars-2020.html]
[ageroute.ci/actualites/documentations/19-rapports/216-ptua-resume-du-rapport-de-suivi-environnemental-et-social-periode-de-janvier-30-juin-2020.html]
[ageroute.ci/actualites/documentations/19-rapports/215-ptua-resume-du-rapport-de-suivi-environnemental-et-social.html]
[ageroute.ci/actualites/documentations/19-rapports/172-resume-du-rapport-de-suivi-environnemental-et-social-periode-d-octobre-a-decembre-2019.html]
[ageroute.ci/actualites/documentations/19-rapports/167-resume-du-rapport-de-suivi-environnemental-et-social-periode-de-juillet-a-septembre-2019.html]
[ageroute.ci/actualites/documentations.html]
[ageroute.ci/actualites/documentations034f.html]
[ageroute.ci/actualites/magazinesc0d0]
[ageroute.ci/actualites/magazines7b17]
[ageroute.ci/actualites/magazines.html]
[ageroute.ci/actualites/videosc0d0]
[ageroute.ci/actualites/videos7b17]
[ageroute.ci/images/thumb_videos/260/_thumb3/picdgbhci.png]
[ageroute.ci/images/thumb_videos/245/_thumb3/picdg.gif]
[ageroute.ci/images/thumb_videos/231/_thumb3/bonneannee.png]
[ageroute.ci/images/thumb_videos/229/_thumb3/conseiladmin.png]
[ageroute.ci/actualites/videos/226-les-routes-re-habilite-es-en-cote-d-ivoire-de-2011-2020.html]
[ageroute.ci/images/thumb_videos/226/_thumb3/routesreha.png]
[ageroute.ci/actualites/videos/225-les-ouvrages-d-art-en-cote-d-ivoire-de-2011-a-2020.html]
[ageroute.ci/images/thumb_videos/225/_thumb3/ouvragesdart.png]
[ageroute.ci/actualites/videos034f.html]
[ageroute.ci/actualites/videosbd13.html]
[ageroute.ci/actualites/videosebc2.html]
[ageroute.ci/actualites/videos.html]
[ageroute.ci/actualites/videosb967.html]
[ageroute.ci/actualites/communiquesc0d0]
[ageroute.ci/actualites/communiques7b17]
[ageroute.ci/images/article/194/_thumb4/ageroute-communique.png]
[ageroute.ci/actualites/communiques.html]
[ageroute.ci/actualites/vie-de-l-entreprisec0d0]
[ageroute.ci/actualites/vie-de-l-entreprise7b17]
[ageroute.ci/actualites/vie-de-l-entreprise/271-rencontre-direction-generale-personnel-au-cercle-du-rail.html]
[ageroute.ci/images/article/271/_thumb4/0a2a8019.png]
[ageroute.ci/actualites/vie-de-l-entreprise/258-visites-medicales-annuelles-du-personnel-l-ageroute-fait-le-point-de-l-etat-de-sante-de-ses-agents.html]
[ageroute.ci/images/article/258/_thumb4/visitmedic.png]
[ageroute.ci/actualites/vie-de-l-entreprise.html]
[ageroute.ci/actualites/vie-de-l-entreprise/247-le-directeur-general-engage-tout-le-personnel-a-la-confidentialite-2.html]
[ageroute.ci/actualites/dossiersc0d0]
[ageroute.ci/actualites/dossiers7b17]
[ageroute.ci/actualites/dossiers.html]
[ageroute.ci/media/com_rsform/css/frontbfdb.css]
[ageroute.ci/media/com_rsform/css/frameworks/uikit/uikit.minbfdb.css]
[ageroute.ci/media/com_rsform/css/frameworks/uikit/uikit-gridbfdb.css]
[ageroute.ci/media/com_rsform/css/frameworks/uikit/tooltip.minbfdb.css]
[ageroute.ci/media/com_rsform/css/frameworks/uikit/form-advanced.minbfdb.css]
[ageroute.ci/media/com_rsform/css/frameworks/uikit/progress.minbfdb.css]
[ageroute.ci/media/com_rsform/js/scriptbfdb.js]
[ageroute.ci/media/com_rsform/js/frameworks/uikit/uikit.minbfdb.js]
[ageroute.ci/media/com_rsform/js/frameworks/uikit/tooltip.minbfdb.js]
[www.google.com/recaptcha/apib091.js]
[ageroute.ci/media/plg_system_rsfprecaptchav2/js/recaptchav2bfdb.js]
[ageroute.ci/contact.html]
[ageroute.ci/media/cck/css/cck.content.css]
[ageroute.ci/modules/mod_bw_social_share/css/mod_bw_social_share.css]
[ageroute.ci/modules/mod_bw_social_share/css/rrssb.css]
[ageroute.ci/modules/mod_bw_social_share/js/rrssb.js]
[ageroute.ci/modules/mod_bw_social_share/js/mod_bw_social_share.js]
[ageroute.ci/images/Capture-decran-2022-01-05-a-185550.gif]
[ageroute.ci/actualites/communiques/270-communique-de-presse.html]
[ageroute.ci/images/article/194/ageroute-communique.png]
[ageroute.ci/actualites/communiques/194-2020-05-06-13-38-11.html]
[ageroute.ci/actualites/documentations/34-reglements.html]
[ageroute.ci/images/document/93/_thumb2/reglement142005cmuemoa-1.jpg]
[ageroute.ci/images/page/station-pesage.jpg]
[ageroute.ci/media/files/93/reglement142005cmuemoa.pdf]
[ageroute.ci/actualites/documentations/34-reglements/93-reglement-n-14-2005-cm-uemoa.html]
[ageroute.ci/images/article/272/image7.png]
[ageroute.ci/images/article_gallery/272/image7.png]
[ageroute.ci/images/article_gallery/272/_thumb2/image7.png]
[ageroute.ci/actualites/news/236-visite-des-chantiers-doublement-de-la-route-de-dabou-sortie-ouest-amenagement-de-la-voie-y4.html]
[ageroute.ci/images/article/236/_thumb4/imagedgvisitedechantier.jpg]
[ageroute.ci/actualites/news/213-elargissement-du-boulevard-de-france-initial.html]
[ageroute.ci/images/article/213/_thumb4/elargissementboulevarddefrance.png]
[ageroute.ci/actualites/news/240-travaux-de-renforcement-et-d-elargissement-de-la-liaison-carrefour-sable-route-de-dabou.html]
[ageroute.ci/images/article/240/_thumb4/piclancementyopsabledabou.gif]
[ageroute.ci/actualites/news/272-route-de-l-est-bientot-la-fin-du-calvaire.html]
[ageroute.ci/images/article/266/25934190448361209897822094501521288275370441n.gif]
[ageroute.ci/actualites/news/266-phase-2-echangeur-de-l-amitie-ivoiro-japonaise-le-directeur-general-de-l-ageroute-en-visite-de-travail.html]
[ageroute.ci/actualites/news/144-l-ageroute-singe-un-partenariat-avec-l-universite-de-bouake.html]
[ageroute.ci/images/article/261/piccertif.png]
[ageroute.ci/actualites/news/244-le-directeur-general-procede-a-des-visites-inopinees-sur-plusieurs-chantiers.html]
[ageroute.ci/images/article/244/_thumb4/23716789345259286241347822024299758538538179n.gif]
[ageroute.ci/actualites/news/228-visite-des-chantiers-du-4-e-et-5-e-pont-d-abidjan.html]
[ageroute.ci/images/article/228/_thumb4/visite-de-chantier-121120.png]
[ageroute.ci/actualites/news/261-politique-qhse-le-dg-engage-l-agence-au-systeme-de-management-integre-qhse.html]
[ageroute.ci/images/article/259/picdgbhci.png]
[ageroute.ci/actualites/news/259-partenariat-ageroute-bhci-le-directeur-general-de-l-ageroute-monsieur-fabrice-coulibaly-echange-avec-une-delegation-de-la-banque-de-l-habitat-de-cote-]
[ageroute.ci/images/article/252/23158615344840192783257175019212832863817320n.png]
[ageroute.ci/projets/projets-routiers/urbains/252-travaux-de-renforcement-et-d-elargissement-de-la-liaison-carrefour-sable-route-de-dabou.html]
[ageroute.ci/images/article/251/24235019846240634276546348493992692429565851n.png]
[ageroute.ci/projets/projets-routiers/interurbains/251-travaux-de-renforcement-de-la-route-cotiere.html]
[ageroute.ci/images/article/39/4eme-pont.jpg]
[ageroute.ci/projets/ouvrages-d-art/ponts/39-pont-de-bouafle.html]
[ageroute.ci/index060f.html]
[ageroute.ci/index2297.html]
[ageroute.ci/index103e.html]
[ageroute.ci/images/article/82/_thumb6/echangeur-marcory-vge.jpg]
[ageroute.ci/images/article_gallery/82/agervge0.jpg]
[ageroute.ci/images/article_gallery/82/_thumb2/agervge0.jpg]
[ageroute.ci/images/article_gallery/82/agervge01.jpg]
[ageroute.ci/images/article_gallery/82/_thumb2/agervge01.jpg]
[ageroute.ci/images/article_gallery/82/agervge4.jpg]
[ageroute.ci/images/article_gallery/82/_thumb2/agervge4.jpg]
[ageroute.ci/images/article_gallery/82/agervge3.jpg]
[ageroute.ci/images/article_gallery/82/_thumb2/agervge3.jpg]
[ageroute.ci/images/article_gallery/82/agervge2.jpg]
[ageroute.ci/images/article_gallery/82/_thumb2/agervge2.jpg]
[ageroute.ci/images/article_gallery/82/agervge1.jpg]
[ageroute.ci/images/article_gallery/82/_thumb2/agervge1.jpg]
[ageroute.ci/images/article/102/_thumb4/pont-philippe-gregoire-yace-pont-de-jacqueville.jpg]
[ageroute.ci/images/article/81/_thumb4/echangeur-riv2.jpg]
[ageroute.ci/ageroute/realisations/78-pont-de-beoumi.html]
[ageroute.ci/images/article/78/_thumb4/pont-de-beoumi.jpg]
[ageroute.ci/images/article/96/_thumb4/route-comoe-abengourou-agnibilekro.jpg]
[ageroute.ci/ageroute/realisations/82-construction-de-l-echangeur-vge.html]
[ageroute.ci/images/article/103/_thumb6/hkb.jpg]
[ageroute.ci/images/article_gallery/103/fn2a5383.jpg]
[ageroute.ci/images/article_gallery/103/_thumb2/fn2a5383.jpg]
[ageroute.ci/images/article_gallery/103/ouvrage-1.jpg]
[ageroute.ci/images/article_gallery/103/_thumb2/ouvrage-1.jpg]
[ageroute.ci/images/article_gallery/103/chantier-3eme-pont.jpg]
[ageroute.ci/images/article_gallery/103/_thumb2/chantier-3eme-pont.jpg]
[ageroute.ci/images/article_gallery/103/vue-3eme-pont.jpg]
[ageroute.ci/images/article_gallery/103/_thumb2/vue-3eme-pont.jpg]
[ageroute.ci/images/article_gallery/103/3epontmi.jpg]
[ageroute.ci/images/article_gallery/103/_thumb2/3epontmi.jpg]
[ageroute.ci/images/article_gallery/103/derniertab1.jpg]
[ageroute.ci/images/article_gallery/103/_thumb2/derniertab1.jpg]
[ageroute.ci/images/article_gallery/103/voieacces.jpg]
[ageroute.ci/images/article_gallery/103/_thumb2/voieacces.jpg]
[ageroute.ci/images/article_gallery/103/derniertab.jpg]
[ageroute.ci/images/article_gallery/103/_thumb2/derniertab.jpg]
[ageroute.ci/images/article_gallery/103/derniertab2.jpg]
[ageroute.ci/images/article_gallery/103/_thumb2/derniertab2.jpg]
[ageroute.ci/images/article/80/_thumb4/route-boundiali-bolona.jpg]
[ageroute.ci/ageroute/realisations/79-pont-de-bassawa.html]
[ageroute.ci/images/article/79/_thumb4/pont-de-bassawa.jpg]
[ageroute.ci/images/article/98/_thumb4/autoroute-abidjan-grand-bassam.jpg]
[ageroute.ci/images/article/94/_thumb4/prolongement-autoroute-du-nord.jpg]
[ageroute.ci/ageroute/realisations/103-voies-d-acces-a-l-hopital-general-d-angre-cocody.html]
[ageroute.ci/images/article/102/_thumb6/pont-philippe-gregoire-yace-pont-de-jacqueville.jpg]
[ageroute.ci/images/article_gallery/102/pont-philippe-gregoire-yace-pont-de-jacqueville-1.jpg]
[ageroute.ci/images/article_gallery/102/_thumb2/pont-philippe-gregoire-yace-pont-de-jacqueville-1.jpg]
[ageroute.ci/images/article_gallery/102/pont-philippe-gregoire-yace-pont-de-jacqueville-2.jpg]
[ageroute.ci/images/article_gallery/102/_thumb2/pont-philippe-gregoire-yace-pont-de-jacqueville-2.jpg]
[ageroute.ci/images/article_gallery/102/pont-philippe-gregoire-yace-pont-de-jacqueville-3.jpg]
[ageroute.ci/images/article_gallery/102/_thumb2/pont-philippe-gregoire-yace-pont-de-jacqueville-3.jpg]
[ageroute.ci/images/article_gallery/102/pont-philippe-gregoire-yace-pont-de-jacqueville-4.jpg]
[ageroute.ci/images/article_gallery/102/_thumb2/pont-philippe-gregoire-yace-pont-de-jacqueville-4.jpg]
[ageroute.ci/images/article/103/_thumb4/hkb.jpg]
[ageroute.ci/ageroute/realisations/102-pont-philippe-gregoire-yace-pont-de-jacqueville.html]
[ageroute.ci/images/article/100/_thumb6/pont-de-bouafle.jpg]
[ageroute.ci/images/article_gallery/100/pont-de-bouafle-1.jpg]
[ageroute.ci/images/article_gallery/100/_thumb2/pont-de-bouafle-1.jpg]
[ageroute.ci/images/article_gallery/100/pont-de-bouafle-2.jpg]
[ageroute.ci/images/article_gallery/100/_thumb2/pont-de-bouafle-2.jpg]
[ageroute.ci/images/article_gallery/100/pont-de-bouafle-3.jpg]
[ageroute.ci/images/article_gallery/100/_thumb2/pont-de-bouafle-3.jpg]
[ageroute.ci/images/article/99/_thumb4/amenagement-de-la-route-abobo-anyama.jpg]
[ageroute.ci/images/article/82/_thumb4/echangeur-marcory-vge.jpg]
[ageroute.ci/ageroute/realisations/100-nouveau-pont-de-bouafle-sur-le-fleuve-marahoue.html]
[ageroute.ci/images/article/99/_thumb6/amenagement-de-la-route-abobo-anyama.jpg]
[ageroute.ci/images/article_gallery/99/amenagement-de-la-route-abobo-anyama-1.jpg]
[ageroute.ci/images/article_gallery/99/_thumb2/amenagement-de-la-route-abobo-anyama-1.jpg]
[ageroute.ci/images/article_gallery/99/amenagement-de-la-route-abobo-anyama-2.jpg]
[ageroute.ci/images/article_gallery/99/_thumb2/amenagement-de-la-route-abobo-anyama-2.jpg]
[ageroute.ci/images/article_gallery/99/amenagement-de-la-route-abobo-anyama-3.jpg]
[ageroute.ci/images/article_gallery/99/_thumb2/amenagement-de-la-route-abobo-anyama-3.jpg]
[ageroute.ci/images/article_gallery/99/amenagement-de-la-route-abobo-anyama-4.jpg]
[ageroute.ci/images/article_gallery/99/_thumb2/amenagement-de-la-route-abobo-anyama-4.jpg]
[ageroute.ci/images/article/100/_thumb4/pont-de-bouafle.jpg]
[ageroute.ci/ageroute/realisations/99-voie-express-mohammed-vi-route-abobo-anyama.html]
[ageroute.ci/images/article/98/_thumb6/autoroute-abidjan-grand-bassam.jpg]
[ageroute.ci/images/article_gallery/98/autoroute-abidjan-grand-bassam-1.jpg]
[ageroute.ci/images/article_gallery/98/_thumb2/autoroute-abidjan-grand-bassam-1.jpg]
[ageroute.ci/images/article_gallery/98/autoroute-abidjan-grand-bassam-2.jpg]
[ageroute.ci/images/article_gallery/98/_thumb2/autoroute-abidjan-grand-bassam-2.jpg]
[ageroute.ci/images/article_gallery/98/autoroute-abidjan-grand-bassam-3.jpg]
[ageroute.ci/images/article_gallery/98/_thumb2/autoroute-abidjan-grand-bassam-3.jpg]
[ageroute.ci/ageroute/realisations/98-voie-express-abidjan-grand-bassam.html]
[ageroute.ci/images/article/96/_thumb6/route-comoe-abengourou-agnibilekro.jpg]
[ageroute.ci/images/article_gallery/96/route-comoe-abengourou-agnibilekro-1.jpg]
[ageroute.ci/images/article_gallery/96/_thumb2/route-comoe-abengourou-agnibilekro-1.jpg]
[ageroute.ci/images/article_gallery/96/route-comoe-abengourou-agnibilekro-2.jpg]
[ageroute.ci/images/article_gallery/96/_thumb2/route-comoe-abengourou-agnibilekro-2.jpg]
[ageroute.ci/images/article_gallery/96/route-comoe-abengourou-agnibilekro-3.jpg]
[ageroute.ci/images/article_gallery/96/_thumb2/route-comoe-abengourou-agnibilekro-3.jpg]
[ageroute.ci/images/article_gallery/96/route-comoe-abengourou-agnibilekro-4.jpg]
[ageroute.ci/images/article_gallery/96/_thumb2/route-comoe-abengourou-agnibilekro-4.jpg]
[ageroute.ci/images/article_gallery/96/route-comoe-abengourou-agnibilekro-5.jpg]
[ageroute.ci/images/article_gallery/96/_thumb2/route-comoe-abengourou-agnibilekro-5.jpg]
[ageroute.ci/images/article_gallery/96/abengcomoe.jpg]
[ageroute.ci/images/article_gallery/96/_thumb2/abengcomoe.jpg]
[ageroute.ci/images/article_gallery/96/abengcomoe1.jpg]
[ageroute.ci/images/article_gallery/96/_thumb2/abengcomoe1.jpg]
[ageroute.ci/images/article_gallery/96/abengcomoe3.jpg]
[ageroute.ci/images/article_gallery/96/_thumb2/abengcomoe3.jpg]
[ageroute.ci/images/article_gallery/96/abengcomoe2.jpg]
[ageroute.ci/images/article_gallery/96/_thumb2/abengcomoe2.jpg]
[ageroute.ci/ageroute/realisations/96-renforcement-de-la-route-comoe-abengourou-agnibilekro.html]
[ageroute.ci/images/article/94/_thumb6/prolongement-autoroute-du-nord.jpg]
[ageroute.ci/images/article_gallery/94/autoroute-du-nord-1.jpg]
[ageroute.ci/images/article_gallery/94/_thumb2/autoroute-du-nord-1.jpg]
[ageroute.ci/images/article_gallery/94/autoroute-du-nord-2.jpg]
[ageroute.ci/images/article_gallery/94/_thumb2/autoroute-du-nord-2.jpg]
[ageroute.ci/images/article_gallery/94/autoroute-du-nord-3.jpg]
[ageroute.ci/images/article_gallery/94/_thumb2/autoroute-du-nord-3.jpg]
[ageroute.ci/images/article_gallery/94/autoroute-du-nord-4.jpg]
[ageroute.ci/images/article_gallery/94/_thumb2/autoroute-du-nord-4.jpg]
[ageroute.ci/images/article_gallery/94/autoroute-du-nord-5.jpg]
[ageroute.ci/images/article_gallery/94/_thumb2/autoroute-du-nord-5.jpg]
[ageroute.ci/images/article_gallery/94/autoroute-du-nord-6.jpg]
[ageroute.ci/images/article_gallery/94/_thumb2/autoroute-du-nord-6.jpg]
[ageroute.ci/images/article_gallery/94/autoroute-du-nord-7.jpg]
[ageroute.ci/images/article_gallery/94/_thumb2/autoroute-du-nord-7.jpg]
[ageroute.ci/images/article_gallery/94/autoroute-du-nord-8.jpg]
[ageroute.ci/images/article_gallery/94/_thumb2/autoroute-du-nord-8.jpg]
[ageroute.ci/ageroute/realisations/94-prolongement-de-l-autoroute-du-nord.html]
[ageroute.ci/images/article/81/_thumb6/echangeur-riv2.jpg]
[ageroute.ci/images/article_gallery/81/echangeur-riviera2-3.jpg]
[ageroute.ci/images/article_gallery/81/_thumb2/echangeur-riviera2-3.jpg]
[ageroute.ci/images/article_gallery/81/echangeur-riviera2-2.jpg]
[ageroute.ci/images/article_gallery/81/_thumb2/echangeur-riviera2-2.jpg]
[ageroute.ci/images/article_gallery/81/riv2.jpg]
[ageroute.ci/images/article_gallery/81/_thumb2/riv2.jpg]
[ageroute.ci/ageroute/realisations/81-echangeur-de-la-riviera-2.html]
[ageroute.ci/images/article/80/_thumb6/route-boundiali-bolona.jpg]
[ageroute.ci/images/article_gallery/80/route-boundiali-bolona-1.jpg]
[ageroute.ci/images/article_gallery/80/_thumb2/route-boundiali-bolona-1.jpg]
[ageroute.ci/images/article_gallery/80/route-boundiali-bolona-2.jpg]
[ageroute.ci/images/article_gallery/80/_thumb2/route-boundiali-bolona-2.jpg]
[ageroute.ci/images/article_gallery/80/route-boundiali-bolona-3.jpg]
[ageroute.ci/images/article_gallery/80/_thumb2/route-boundiali-bolona-3.jpg]
[ageroute.ci/images/article_gallery/80/bitumage-de-la-route-boundiali-tengrela-frontiere-du-mali-1.jpg]
[ageroute.ci/images/article_gallery/80/_thumb2/bitumage-de-la-route-boundiali-tengrela-frontiere-du-mali-1.jpg]
[ageroute.ci/images/article_gallery/80/bitumage-de-la-route-boundiali-tengrela-frontiere-du-mali-2.jpg]
[ageroute.ci/images/article_gallery/80/_thumb2/bitumage-de-la-route-boundiali-tengrela-frontiere-du-mali-2.jpg]
[ageroute.ci/ageroute/realisations/80-route-boundiali-bolona.html]
[ageroute.ci/ageroute/realisationsc0d0]
[ageroute.ci/ageroute/realisations7b17]
[ageroute.ci/ageroute/realisations.html]
[ageroute.ci/ageroute/realisations034f.html]
[ageroute.ci/media/files/273/qualitedelairavisdereport.pdf]
[ageroute.ci/appels-d-offres/avis-d-appel-d-offres-de-travaux/273-appel-d-offres-n-f-295-2021-relatif-a-la-fourniture-d-equipements-pour-la-mesure-et-la-surveillance-de-la-qualite-de-]
[ageroute.ci/appels-d-offres/avis-d-appel-d-offres-de-travaux/178-travaux-de-construction-de-trois-03-echangeurs-a-abidjan-avis-d-appel-d-offres-n-t-934-2019.html]
[ageroute.ci/appels-d-offres/avis-d-appel-d-offres-de-travaux/177-reponses-a-des-demandes-d-eclaircissements-travaux-de-construction-de-trois-03-echangeurs-sur-le-boulevard-mitterand-]
[ageroute.ci/media/files/269/avisdaocmf.pdf]
[ageroute.ci/appels-d-offres/avis-d-appel-d-offres-de-travaux/269-avis-d-appel-d-offres-n-t-940-2021-relatifs-a-travaux-de-construction-de-centres-multifonctionnels-et-d-infrastructur]
[ageroute.ci/appels-d-offres/avis-d-appel-d-offres-de-travaux/189-travaux-de-construction-de-trois-03-echangeurs-a-abidjan-2.html]
[ageroute.ci/media/files/267/avisao-cloture.pdf]
[ageroute.ci/appels-d-offres/avis-d-appel-d-offres-de-travaux/267-travaux-de-construction-de-clotures-des-sites-de-recasement-des-personnes-affectees-dans-le-cadre-du-ptua.html]
[ageroute.ci/media/files/211/avis-de-report-aaoi-n-t310-2020-def-1.doc]
[ageroute.ci/appels-d-offres/avis-d-appel-d-offres-de-travaux/211-avis-d-appel-d-offres-international-n-t310-2020.html]
[ageroute.ci/media/files/275/amiparkwayplanvertsnfi.pdf]
[ageroute.ci/appels-d-offres/avis-de-manifestation-d-interet/179-projet-de-renforcement-et-d-amenagement-de-la-route-kanawolo-korhogo.html]
[ageroute.ci/appels-d-offres/avis-de-manifestation-d-interet/275-etude-d-elaboration-du-plan-vert-du-district-autonome-d-abidjan-et-du-parkway-de-la-v23-de-yopougon.html]
[ageroute.ci/appels-d-offres/avis-de-manifestation-d-interet/200-vis-a-manifestation-d-interet-services-de-consultants.html]
[ageroute.ci/appels-d-offres/avis-de-manifestation-d-interet/159-controle-et-surveillance-des-travaux-d-amenagement-et-de-bitumage-des-routes-seguela-mankono-et-zouan-hounien-touleple]
[ageroute.ci/media/files/274/amiptuahydrocarbures.pdf]
[ageroute.ci/appels-d-offres/avis-de-manifestation-d-interet/274-etude-d-appui-a-la-reglementation-et-au-controle-des-hydrocarbures-en-cote-d-ivoire.html]
[ageroute.ci/media/files/263/aaonfequipement.pdf]
[ageroute.ci/appels-d-offres/avis-de-manifestation-d-interet/146-ptua-6-avis-a-manifestation-d-interet.html]
[ageroute.ci/appels-d-offres/avis-de-manifestation-d-interet/263-avis-d-appel-d-offres-n-f-279-2021.html]
[ageroute.ci/appels-d-offres/avis-de-manifestation-d-interet/221-avis-a-manifestation-d-interet-services-de-consultants-7.html]
[ageroute.ci/media/files/253/avisdepublicationami.pdf]
[ageroute.ci/appels-d-offres/avis-de-manifestation-d-interet/199-avis-a-manifestation-d-interet-services-de-consultants-3.html]
[ageroute.ci/appels-d-offres/avis-de-manifestation-d-interet/253-avis-a-manifestation-d-interet-pour-le-recrutement-d-un-consultant-pour-les-etudes-techniques-sommaires-aps-et-detaill]
[ageroute.ci/appels-d-offres/avis-de-manifestation-d-interet/239-avis-d-appel-d-offres-n-f-137-2021.html]
[ageroute.ci/media/files/268/avis-appeldoffresqualitedelair.pdf]
[ageroute.ci/appels-d-offres/appel-offre-de-fournitures/268-vis-de-publication-appel-d-offres-n-f-295-2021-fourniture-d-equipements-pour-la-mesure-et-la-surveillance-de-la-qualite-de-]
[ageroute.ci/media/files/210/avisappeldoffresfourniturede-materieltechniquedaa.pdf]
[ageroute.ci/appels-d-offres/appel-offre-de-fournitures/210-avis-d-appel-d-offres-n-f-152-2020-fourniture-de-materiels-techniques-pour-le-district-autonome-d-abidjan.html]
[ageroute.ci/media/files/208/avis-dappels-doffre.pdf]
[ageroute.ci/appels-d-offres/appel-offre-de-fournitures/208-avis-d-appel-d-offres-n-f-147-2020.html]
[ageroute.ci/media/files/264/resultatspolicestationnementnov.pdf]
[ageroute.ci/appels-d-offres/resultas/162-attribution-de-contrat-de-consultants.html]
[ageroute.ci/appels-d-offres/resultas/264-publication-de-l-attribution-de-contrats-de-consultants-dans-le-cadre-du-projet-de-transport-urbain-d-abidjan-ptua.html]
[ageroute.ci/appels-d-offres/resultas/143-resultat-de-l-appel-d-offre-international-restreint-n-rt-26-2017-renforcement-de-la-route-du-nord-section-bouake-ferke.html]
[ageroute.ci/media/files/262/publicationdesresultatsplandecirculationconsultants.pdf]
[ageroute.ci/appels-d-offres/resultas/109-resultats-de-la-consultation-restreinte-n-rp-115-2015.html]
[ageroute.ci/appels-d-offres/resultas/262-publication-de-l-attribution-de-contrats-de-consultants-2.html]
[ageroute.ci/appels-d-offres/resultas/110-resultats-de-l-appel-d-offres-restreint-n-rt24-2016.html]
[ageroute.ci/media/files/255/formulaire-depublicationoffrestechniqueskanawolokorohgo.pdf]
[ageroute.ci/appels-d-offres/resultas/255-publication-des-resultats-de-l-analyse-des-offres-techniques-dans-le-cadre-des-projets-finances-par-la-banque-ouest-africaine-de-developpemen]
[ageroute.ci/appels-d-offres/resultas/141-resultat-des-travaux-d-elargissement-et-de-renforcement-du-boulevard-de-marseille-a-abidjan.html]
[ageroute.ci/media/files/254/publication-rsp.pdf]
[ageroute.ci/appels-d-offres/resultas/254-publication-de-l-attribution-de-contrats-de-consultants-dans-le-cadre-des-projets-finances-par-la-banque-africaine-de-developpement.76.delaye]
[ageroute.ci/appels-d-offres/resultas/233-publication-des-resultats-du-recrutement-de-soixante-60-jeunes-ingenieurs-et-techniciens-dans-le-domaine-du-genie-civil-dans-le-cadre-du-proj]
[ageroute.ci/appels-d-offres/resultas/224-resultat-de-l-appel-d-offres-national-n-f-147-2020-portant-sur-la-fourniture-d-equipements-pour-l-appui-de-la-gestion-particative-du-parc-urb]
[ageroute.ci/appels-d-offres/resultas/223-resultat-de-l-appel-d-offres-national-n-f-143-2020-portant-sur-la-fourniture-d-agglomeres-et-de-materiaux-de-couverture-toles-pour-les-travau]
[ageroute.ci/images/thumb_videos/229/_thumb2/conseiladmin.png]
[ageroute.ci/actualites/videos/185-prevention-coronavirus-covid-19-2.html]
[ageroute.ci/images/thumb_videos/185/_thumb2/captcovid-dfc.png]
[ageroute.ci/actualites/videos/222-les-routes-neuves-en-cote-d-ivoire-de-2011-a-2020.html]
[ageroute.ci/images/thumb_videos/222/_thumb2/cover.png]
[ageroute.ci/actualites/videos/196-prevention-coronavirus-covid-19-10.html]
[ageroute.ci/images/thumb_videos/196/_thumb2/osho.png]
[ageroute.ci/actualites/videos/192-prevention-coronavirus-covid-19-7.html]
[ageroute.ci/images/thumb_videos/192/_thumb2/m-sehi-bi.png]
[ageroute.ci/actualites/videos/260-travaux-de-renforcement-de-la-route-cotiere.html]
[ageroute.ci/actualites/videos/84-historique-et-impact-de-la-voie-express-abobo-anyama.html]
[ageroute.ci/images/thumb_videos/84/_thumb2/sylla-amidou-maire-anyama.jpg]
[ageroute.ci/images/thumb_videos/225/_thumb2/ouvragesdart.png]
[ageroute.ci/actualites/videos/182-prevention-coronavirus-covi-19.html]
[ageroute.ci/images/thumb_videos/182/_thumb2/capture-decran-dg.png]
[ageroute.ci/actualites/videos/245-attention-a-la-desinformation.html]
[ageroute.ci/actualites/videos/85-pont-henri-konan-bedie-fierte-nationale.html]
[ageroute.ci/images/thumb_videos/85/_thumb2/anna-lisette-zago.jpg]
[ageroute.ci/actualites/videos/86-pont-de-jacqueville-mie.html]
[ageroute.ci/images/thumb_videos/86/_thumb2/temoignage-pont-jacqueville.jpg]
[ageroute.ci/actualites/videos/195-prevention-coronavirus-covid-19-9.html]
[ageroute.ci/images/thumb_videos/195/_thumb2/tb.png]
[ageroute.ci/actualites/videos/231-ageroute-plus-que-jamais-nous-portons-le-developpement-par-les-routes-partout-en-cote-d-ivoire-excellente-annee-2021.html]
[ageroute.ci/images/thumb_videos/260/_thumb2/picdgbhci.png]
[ageroute.ci/actualites/videos/201-projet-de-curage-des-caniveaux.html]
[ageroute.ci/images/thumb_videos/201/_thumb2/projet-de-curager-de-caniveaux.png]
[ageroute.ci/images/thumb_videos/226/_thumb2/routesreha.png]
[ageroute.ci/actualites/videos/190-prevention-coronavirus-covid-19-6.html]
[ageroute.ci/images/thumb_videos/190/_thumb2/capture-decran-2020-04-28-a-135310.png]
[ageroute.ci/actualites/videos/229-6-eme-et-derniere-reunion-du-conseil-d-administration-de-l-ageroute-bilan-et-perspectives.html]
[ageroute.ci/images/page/travaux-reseau-routier.jpg]
[ageroute.ci/ageroute/le-reseau-routier.html]
[ageroute.ci/gestion-du-reseau/reseau-routier/programmation-des-travaux.html]
[ageroute.ci/www.ecowas.html]
[ageroute.ci/images/page/seminaire-formation-ageroute.jpg]
[ageroute.ci/sensibilisation.html]
[ageroute.ci/templates/ageroute/media/jui/fonts/IcoMoon.html]
[ageroute.ci/templates/ageroute/media/jui/fonts/IcoMoond41d.html]
[ageroute.ci/templates/ageroute/media/jui/fonts/IcoMoon-2.html]
[ageroute.ci/templates/ageroute/media/jui/fonts/IcoMoon-3.html]
[ageroute.ci/templates/ageroute/media/jui/fonts/IcoMoon-4.html]
[ageroute.ci/templates/ageroute/styles/ageroute/fonts/valeraround.svg]
[ageroute.ci/media/com_acymailing/images/refresh.png]
[ageroute.ci/media/com_acymailing/css/module_default99d1.css]
[ageroute.ci/media/files/209/pagedegarde-reponseeclaircissementappeldoffre.pdf]
[ageroute.ci/media/files/209/eclaircissement2.pdf]
[ageroute.ci/media/files/209/eclaircissement3.pdf]
[ageroute.ci/media/files/209/eclaircissement4.pdf]
[ageroute.ci/media/files/209/eclaircissement5.pdf]
[ageroute.ci/appels-d-offres/avis-d-appel-d-offres-de-travaux/209-reponses-a-des-demandes-d-eclaircissements-travaux-de-construction-de-trois-03-echangeurs-sur-le-boulevard-mitterand-]
[ageroute.ci/media/files/197/additif-n1-aao-n-t-9342019.pdf]
[ageroute.ci/appels-d-offres/avis-d-appel-d-offres-de-travaux/180-reponses-a-des-demandes-d-eclaircissements-travaux-de-construction-de-trois-03-echangeurs-sur-le-boulevard-mitterand-]
[ageroute.ci/media/files/197/avis-de-report-n-3-aao-n-t-9342019.pdf]
[ageroute.ci/appels-d-offres/avis-d-appel-d-offres-de-travaux/197-travaux-de-construction-de-trois-03-echangeurs-a-abidjan-3.html]
[ageroute.ci/appels-d-offres/avis-d-appel-d-offres-de-travaux034f.html]
[ageroute.ci/appels-d-offres/avis-d-appel-d-offres-de-travaux/184-travaux-de-construction-de-trois-03-echangeurs-a-abidjan.html]
[ageroute.ci/appels-d-offres/avis-d-appel-d-offres-de-travaux/181-reponses-a-des-demandes-d-eclaircissements-travaux-de-construction-de-trois-03-echangeurs-sur-le-boulevard-mitterand-]
[ageroute.ci/media/files/242/ptuaamiauditcomptablefinancier.pdf]
[ageroute.ci/appels-d-offres/avis-de-manifestation-d-interet/242-projet-de-transport-urbain-d-abidjan-ptua-avis-a-manifestation-d-interet-services-de-consultants.html]
[ageroute.ci/appels-d-offres/avis-de-manifestation-d-interet/237-projet-de-transport-urbain-d-abidjan-ptua-2.html]
[ageroute.ci/media/files/241/avis-de-reportdao-f137.pdf]
[ageroute.ci/appels-d-offres/avis-de-manifestation-d-interet/241-avis-d-appels-d-offres-n-f137-2021.html]
[ageroute.ci/appels-d-offres/avis-de-manifestation-d-interet/205-avis-a-manifestation-d-interet-services-de-consultants-5.html]
[ageroute.ci/appels-d-offres/avis-de-manifestation-d-interet/206-avis-a-manifestation-d-interet-services-de-consultants-6.html]
[ageroute.ci/appels-d-offres/avis-de-manifestation-d-interet034f.html]
[ageroute.ci/appels-d-offres/avis-de-manifestation-d-interet/238-avis-a-manifestation-d-interet-services-de-consultants-etude-d-elaboration-du-plan-vert-du-district-autonome-d-abidjan]
[ageroute.ci/appels-d-offres/avis-de-manifestation-d-interet/204-avis-a-manifestation-d-interet-services-de-consultants-4.html]
[ageroute.ci/appels-d-offres/avis-de-manifestation-d-interet/198-avis-a-manifestation-d-interet-services-de-consultants-2.html]
[ageroute.ci/appels-d-offres/avis-de-manifestation-d-interetbd13.html]
[ageroute.ci/appels-d-offres/avis-de-manifestation-d-interetebc2.html]
[ageroute.ci/appels-d-offres/avis-de-manifestation-d-interet/191-avis-a-manifestation-d-interet-services-de-consultants.html]
[ageroute.ci/media/files/248/publication-des-resultats-brtconsultants.pdf]
[ageroute.ci/appels-d-offres/resultas/248-publication-de-l-attribution-de-contrats-de-consultants.html]
[ageroute.ci/media/files/234/resultatspublicationdappeldoffret6832020vf.pdf]
[ageroute.ci/appels-d-offres/resultas/234-resultat-de-l-appel-d-offres-national-n-t-683-2020-portant-sur-les-travaux-de-construction-des-logements-impactes-dans-le-cadre-des-travaux-d]
[ageroute.ci/appels-d-offres/resultas/142-resultats-pour-le-recrutement-de-consultants-travaux-de-rehabilitation-du-pont-houphouet-boigny.html]
[ageroute.ci/appels-d-offres/resultas034f.html]
[ageroute.ci/appels-d-offres/resultas/227-resultat-de-l-avis-a-manifestation-d-interet-n-s47-2020.html]
[ageroute.ci/appels-d-offres/resultas/207-publication-de-l-attribution-de-marches-de-travaux.html]
[ageroute.ci/appels-d-offres/resultas/220-resultat-de-l-appel-d-offres-national-n-f-152-2020-portant-sur-la-fourniture-de-materiels-techniques-pour-le-district-autonome-d-abidjan.21c]
[ageroute.ci/appels-d-offres/resultasbd13.html]
[ageroute.ci/appels-d-offres/resultas/151-travaux-de-construction-du-4eme-pont-d-abidjan-entre-les-communes-de-yopougon-et-du-plateau-en-republique-de-cote-d-ivoire.html]
[ageroute.ci/appels-d-offres/resultas/108-resultats-de-la-consultation-restreinte-n-rp-97-2015.html]
[ageroute.ci/appels-d-offres/resultasebc2.html]
[ageroute.ci/appels-d-offres/resultas/107-resultats-de-la-consultation-restreinte-n-rp-78-2015.html]
[ageroute.ci/appels-d-offres/resultas/219-resultat-de-l-appel-d-offres-national-n-f-147-2020-portant-sur-la-fourniture-d-equipements-pour-l-appui-de-la-gestion-particative-du-parc-urb]
[ageroute.ci/images/article/249/photolancementcotiere.png]
[ageroute.ci/actualites/news/249-lancement-des-travaux-de-renforcement-de-la-route-cotiere.html]
[ageroute.ci/images/article/250/2438175318281848278424368849470818916019169n.png]
[ageroute.ci/actualites/news/212-lancement-des-travaux-de-bitumage-de-la-voirie-de-adjame-extension.html]
[ageroute.ci/images/article/212/_thumb4/lancementvoirieadjameextension.png]
[ageroute.ci/actualites/news/250-seminaire-de-formation-des-coordonnateurs-et-directeurs-de-l-ageroute.html]
[ageroute.ci/actualites/news/232-ageroute-universite-alassane-ouattara-de-bouake.html]
[ageroute.ci/images/article/232/_thumb4/picdgaweb.png]
[ageroute.ci/actualites/news034f.html]
[ageroute.ci/actualites/news/235-visite-des-chantiers-du-4e-et-du-5e-pont-d-abidjan.html]
[ageroute.ci/images/article/235/_thumb4/picvisitechantier.png]
[ageroute.ci/actualites/newsbd13.html]
[ageroute.ci/images/article/256/21684418144119257688684024055775071092145099n.png]
[ageroute.ci/actualites/evenements/256-les-rencontres-annuelles-des-mobilites-rames.html]
[ageroute.ci/actualites/documentations/19-rapports.html]
[ageroute.ci/media/files/218/resumedusuivisocialptuaau30juin2020.pdf]
[ageroute.ci/actualites/documentations/19-rapports/218-ptua-resume-du-rapport-de-suivi-social-periode-avril-a-juin-2020.html]
[ageroute.ci/media/files/217/resumesuivisocial31mars2020.pdf]
[ageroute.ci/actualites/documentations/19-rapports/217-resume-du-rapport-de-suivi-social-periode-janvier-a-mars-2020.html]
[ageroute.ci/media/files/216/resumedusuivienvironnementaljanv30juin2020.pdf]
[ageroute.ci/actualites/documentations/19-rapports/216-ptua-resume-du-rapport-de-suivi-environnemental-et-social-periode-de-janvier-30-juin-2020.html]
[ageroute.ci/media/files/215/resumedusuivienvironnementaljanv31mars2020.pdf]
[ageroute.ci/actualites/documentations/19-rapports/215-ptua-resume-du-rapport-de-suivi-environnemental-et-social.html]
[ageroute.ci/media/files/172/resume-du-rapport-de-suivi-environnemental-et-social-.pdf]
[ageroute.ci/actualites/documentations/19-rapports/172-resume-du-rapport-de-suivi-environnemental-et-social-periode-d-octobre-a-decembre-2019.html]
[ageroute.ci/media/files/167/resume-1-suivi-environnemental-et-social-bon.pdf]
[ageroute.ci/actualites/documentations/19-rapports/167-resume-du-rapport-de-suivi-environnemental-et-social-periode-de-juillet-a-septembre-2019.html]
[ageroute.ci/actualites/documentations034f.html]
[ageroute.ci/images/thumb_videos/231/_thumb2/bonneannee.png]
[ageroute.ci/actualites/videos/186-prevention-coronavirus-covid-19-3.html]
[ageroute.ci/images/thumb_videos/186/_thumb2/message-mme-diomande.png]
[ageroute.ci/actualites/videos/226-les-routes-re-habilite-es-en-cote-d-ivoire-de-2011-2020.html]
[ageroute.ci/actualites/videos/225-les-ouvrages-d-art-en-cote-d-ivoire-de-2011-a-2020.html]
[ageroute.ci/images/thumb_videos/222/_thumb3/cover.png]
[ageroute.ci/actualites/videos/214-yamoussoukro-travaux-de-rehabilitation-de-la-voirie.html]
[ageroute.ci/images/thumb_videos/214/_thumb3/voirie-de-yakro.png]
[ageroute.ci/actualites/videos/202-sensibilisation-contre-l-obstruction-des-ouvrages-d-assainissement.html]
[ageroute.ci/images/thumb_videos/202/_thumb3/capture-decran-2020-07-02-a-121335.png]
[ageroute.ci/images/thumb_videos/201/_thumb3/projet-de-curager-de-caniveaux.png]
[ageroute.ci/images/thumb_videos/196/_thumb3/osho.png]
[ageroute.ci/images/thumb_videos/195/_thumb3/tb.png]
[ageroute.ci/actualites/videos034f.html]
[ageroute.ci/actualites/videos/193-prevention-coronavirus-covid-19-8.html]
[ageroute.ci/images/thumb_videos/193/_thumb3/capture-decran-2020-05-05-a-094828.png]
[ageroute.ci/images/thumb_videos/192/_thumb3/m-sehi-bi.png]
[ageroute.ci/images/thumb_videos/190/_thumb3/capture-decran-2020-04-28-a-135310.png]
[ageroute.ci/actualites/videos/188-prevention-coronavirus-covid-19-5.html]
[ageroute.ci/images/thumb_videos/188/_thumb3/m-koman.png]
[ageroute.ci/images/thumb_videos/186/_thumb3/message-mme-diomande.png]
[ageroute.ci/images/thumb_videos/185/_thumb3/captcovid-dfc.png]
[ageroute.ci/actualites/videosbd13.html]
[ageroute.ci/actualites/videos/183-prevention-coronavirus-covid-19.html]
[ageroute.ci/images/thumb_videos/183/_thumb3/capture-decran-dga.png]
[ageroute.ci/images/thumb_videos/182/_thumb3/capture-decran-dg.png]
[ageroute.ci/actualites/videos/176-lancement-des-travaux-de-voirie-de-la-ville-de-toumodi.html]
[ageroute.ci/images/thumb_videos/176/_thumb3/voirie-toumodi.png]
[ageroute.ci/actualites/videos/175-lancement-des-travaux-de-la-voirie-de-la-ville-de-taabo.html]
[ageroute.ci/images/thumb_videos/175/_thumb3/lancement-taabo.png]
[ageroute.ci/images/thumb_videos/86/_thumb3/temoignage-pont-jacqueville.jpg]
[ageroute.ci/images/thumb_videos/85/_thumb3/anna-lisette-zago.jpg]
[ageroute.ci/actualites/videosebc2.html]
[ageroute.ci/images/thumb_videos/84/_thumb3/sylla-amidou-maire-anyama.jpg]
[ageroute.ci/actualites/videosb967.html]
[ageroute.ci/images/article/271/_thumb6/0a2a8019.png]
[ageroute.ci/images/article_gallery/271/0a2a8019.png]
[ageroute.ci/images/article_gallery/271/_thumb2/0a2a8019.png]
[ageroute.ci/actualites/vie-de-l-entreprise/271-rencontre-direction-generale-personnel-au-cercle-du-rail.html]
[ageroute.ci/images/article/258/_thumb6/visitmedic.png]
[ageroute.ci/actualites/vie-de-l-entreprise/258-visites-medicales-annuelles-du-personnel-l-ageroute-fait-le-point-de-l-etat-de-sante-de-ses-agents.html]
[ageroute.ci/images/finaldgsignconventionconfidentialite-02.png]
[ageroute.ci/actualites/vie-de-l-entreprise/247-le-directeur-general-engage-tout-le-personnel-a-la-confidentialite-2.html]
[ageroute.ci/media/com_rsform/css/frontbfdb.css]
[ageroute.ci/media/com_rsform/css/frameworks/uikit/fonts/fontawesome-webfont.woff2]
[ageroute.ci/media/com_rsform/css/frameworks/uikit/fonts/fontawesome-webfont.woff]
[ageroute.ci/media/com_rsform/css/frameworks/uikit/fonts/fontawesome-webfont.ttf]
[ageroute.ci/media/com_rsform/css/frameworks/uikit/uikit.minbfdb.css]
[ageroute.ci/media/com_rsform/css/frameworks/uikit/uikit-gridbfdb.css]
[ageroute.ci/media/com_rsform/css/frameworks/uikit/tooltip.minbfdb.css]
[ageroute.ci/media/com_rsform/css/frameworks/uikit/form-advanced.minbfdb.css]
[ageroute.ci/media/com_rsform/css/frameworks/uikit/progress.minbfdb.css]
[ageroute.ci/media/cck/css/cck.content.css]
[ageroute.ci/modules/mod_bw_social_share/css/mod_bw_social_share.css]
[ageroute.ci/modules/mod_bw_social_share/css/rrssb.css]
[ageroute.ci/actualites/documentations/34-reglementsc0d0]
[ageroute.ci/actualites/documentations/34-reglements7b17]
[ageroute.ci/actualites/documentations/34-reglements.html]
[ageroute.ci/images/article/236/imagedgvisitedechantier.jpg]
[ageroute.ci/images/article_gallery/236/20413721443618952172047917105002500012428704n.png]
[ageroute.ci/images/article_gallery/236/_thumb2/20413721443618952172047917105002500012428704n.png]
[ageroute.ci/actualites/news/236-visite-des-chantiers-doublement-de-la-route-de-dabou-sortie-ouest-amenagement-de-la-voie-y4.html]
[ageroute.ci/images/article/213/elargissementboulevarddefrance.png]
[ageroute.ci/actualites/news/213-elargissement-du-boulevard-de-france-initial.html]
[ageroute.ci/images/article/240/piclancementyopsabledabou.gif]
[ageroute.ci/actualites/news/240-travaux-de-renforcement-et-d-elargissement-de-la-liaison-carrefour-sable-route-de-dabou.html]
[ageroute.ci/actualites/news/144-l-ageroute-singe-un-partenariat-avec-l-universite-de-bouake.html]
[ageroute.ci/images/article/244/23716789345259286241347822024299758538538179n.gif]
[ageroute.ci/actualites/news/244-le-directeur-general-procede-a-des-visites-inopinees-sur-plusieurs-chantiers.html]
[ageroute.ci/images/article/228/visite-de-chantier-121120.png]
[ageroute.ci/actualites/news/228-visite-des-chantiers-du-4-e-et-5-e-pont-d-abidjan.html]
[ageroute.ci/images/article/78/_thumb6/pont-de-beoumi.jpg]
[ageroute.ci/images/article_gallery/78/pont-de-beoumi-1.jpg]
[ageroute.ci/images/article_gallery/78/_thumb2/pont-de-beoumi-1.jpg]
[ageroute.ci/images/article_gallery/78/pont-de-beoumi-2.jpg]
[ageroute.ci/images/article_gallery/78/_thumb2/pont-de-beoumi-2.jpg]
[ageroute.ci/images/article_gallery/78/pont-de-beoumi-3.jpg]
[ageroute.ci/images/article_gallery/78/_thumb2/pont-de-beoumi-3.jpg]
[ageroute.ci/images/article_gallery/78/pont-de-beoumi-4.jpg]
[ageroute.ci/images/article_gallery/78/_thumb2/pont-de-beoumi-4.jpg]
[ageroute.ci/images/article_gallery/78/pont-de-beoumi-5.jpg]
[ageroute.ci/images/article_gallery/78/_thumb2/pont-de-beoumi-5.jpg]
[ageroute.ci/images/article_gallery/78/pont-de-beoumi-6.jpg]
[ageroute.ci/images/article_gallery/78/_thumb2/pont-de-beoumi-6.jpg]
[ageroute.ci/ageroute/realisations/78-pont-de-beoumi.html]
[ageroute.ci/images/article/79/_thumb6/pont-de-bassawa.jpg]
[ageroute.ci/ageroute/realisations/79-pont-de-bassawa.html]
[ageroute.ci/ageroute/realisations034f.html]
[ageroute.ci/media/files/178/avis-de-report.pdf]
[ageroute.ci/appels-d-offres/avis-d-appel-d-offres-de-travaux/178-travaux-de-construction-de-trois-03-echangeurs-a-abidjan-avis-d-appel-d-offres-n-t-934-2019.html]
[ageroute.ci/media/files/177/page-de-garde-reponse-eclaircissement-appel-doffre.pdf]
[ageroute.ci/media/files/177/reponses-eclaircissement-t2.pdf]
[ageroute.ci/media/files/177/reponses-eclaircissement-sh2.pdf]
[ageroute.ci/media/files/177/reponses-eclaircissement-sh3.pdf]
[ageroute.ci/media/files/177/reponses-eclaircissement-t1.pdf]
[ageroute.ci/media/files/177/reponses-eclaircissements-j5.pdf]
[ageroute.ci/media/files/177/reponses-eclaircissements-j3.pdf]
[ageroute.ci/media/files/177/reponses-eclaircissements-j2.pdf]
[ageroute.ci/media/files/177/reponses-eclaircissements-j4.pdf]
[ageroute.ci/media/files/177/reponses-eclaircissement-j01.xls]
[ageroute.ci/appels-d-offres/avis-d-appel-d-offres-de-travaux/177-reponses-a-des-demandes-d-eclaircissements-travaux-de-construction-de-trois-03-echangeurs-sur-le-boulevard-mitterand-]
[ageroute.ci/media/files/189/avis-de-report-n-2-au-04-mai-2020.pdf]
[ageroute.ci/appels-d-offres/avis-d-appel-d-offres-de-travaux/189-travaux-de-construction-de-trois-03-echangeurs-a-abidjan-2.html]
[ageroute.ci/media/files/179/ami-controle-et-surveillance--kanawolo-korhogo.pdf]
[ageroute.ci/appels-d-offres/avis-de-manifestation-d-interet/179-projet-de-renforcement-et-d-amenagement-de-la-route-kanawolo-korhogo.html]
[ageroute.ci/media/files/200/ptua-ami-elaboration-reglement-general-de-la-police-stationnementrelance.pdf]
[ageroute.ci/appels-d-offres/avis-de-manifestation-d-interet/200-vis-a-manifestation-d-interet-services-de-consultants.html]
[ageroute.ci/media/files/159/ami-suivi-et-controle-des-travaux-seguelamankono-et-zouan-hounien-toulepleu-corrige-1.pdf]
[ageroute.ci/appels-d-offres/avis-de-manifestation-d-interet/159-controle-et-surveillance-des-travaux-d-amenagement-et-de-bitumage-des-routes-seguela-mankono-et-zouan-hounien-touleple]
[ageroute.ci/media/files/146/ami-amelioration-qualite-de-lair.pdf]
[ageroute.ci/media/files/146/ami-elaboration-plan-durbanisme-detaille.pdf]
[ageroute.ci/media/files/146/ami-mise-en-place-de-systeme-intelligent-de-gestion-du-trafic.pdf]
[ageroute.ci/media/files/146/ami-plan-circulation-grand-abidjan.pdf]
[ageroute.ci/media/files/146/ami-plan-de-drainage-et-strategie-adaptation-climatique.pdf]
[ageroute.ci/media/files/146/ami-renforcement-des-capacites-daa.pdf]
[ageroute.ci/appels-d-offres/avis-de-manifestation-d-interet/146-ptua-6-avis-a-manifestation-d-interet.html]
[ageroute.ci/media/files/221/ptuaamihydrocarburerelance.pdf]
[ageroute.ci/appels-d-offres/avis-de-manifestation-d-interet/221-avis-a-manifestation-d-interet-services-de-consultants-7.html]
[ageroute.ci/media/files/199/ptua-ami-revisionextension-prog-educ-scolaire-secu-routiererelance.pdf]
[ageroute.ci/appels-d-offres/avis-de-manifestation-d-interet/199-avis-a-manifestation-d-interet-services-de-consultants-3.html]
[ageroute.ci/media/files/239/avisdaoarbres.pdf]
[ageroute.ci/appels-d-offres/avis-de-manifestation-d-interet/239-avis-d-appel-d-offres-n-f-137-2021.html]
[ageroute.ci/appels-d-offres/resultas/162-attribution-de-contrat-de-consultants.html]
[ageroute.ci/appels-d-offres/resultas/143-resultat-de-l-appel-d-offre-international-restreint-n-rt-26-2017-renforcement-de-la-route-du-nord-section-bouake-ferke.html]
[ageroute.ci/appels-d-offres/resultas/109-resultats-de-la-consultation-restreinte-n-rp-115-2015.html]
[ageroute.ci/appels-d-offres/resultas/110-resultats-de-l-appel-d-offres-restreint-n-rt24-2016.html]
[ageroute.ci/appels-d-offres/resultas/141-resultat-des-travaux-d-elargissement-et-de-renforcement-du-boulevard-de-marseille-a-abidjan.html]
[ageroute.ci/media/files/233/publication.pdf]
[ageroute.ci/appels-d-offres/resultas/233-publication-des-resultats-du-recrutement-de-soixante-60-jeunes-ingenieurs-et-techniciens-dans-le-domaine-du-genie-civil-dans-le-cadre-du-proj]
[ageroute.ci/media/files/224/resultatspublicationdappeldoffrebancolt2f1472020.pdf]
[ageroute.ci/appels-d-offres/resultas/224-resultat-de-l-appel-d-offres-national-n-f-147-2020-portant-sur-la-fourniture-d-equipements-pour-l-appui-de-la-gestion-particative-du-parc-urb]
[ageroute.ci/media/files/223/resultatspublicationdappel-doffreagglomereslot5f1432020.pdf]
[ageroute.ci/appels-d-offres/resultas/223-resultat-de-l-appel-d-offres-national-n-f-143-2020-portant-sur-la-fourniture-d-agglomeres-et-de-materiaux-de-couverture-toles-pour-les-travau]
[ageroute.ci/images/thumb_videos/175/_thumb2/lancement-taabo.png]
[ageroute.ci/actualites/videos/185-prevention-coronavirus-covid-19-2.html]
[ageroute.ci/images/thumb_videos/202/_thumb2/capture-decran-2020-07-02-a-121335.png]
[ageroute.ci/actualites/videos/222-les-routes-neuves-en-cote-d-ivoire-de-2011-a-2020.html]
[ageroute.ci/images/thumb_videos/196/osho.png]
[ageroute.ci/actualites/videos/196-prevention-coronavirus-covid-19-10.html]
[ageroute.ci/images/thumb_videos/193/_thumb2/capture-decran-2020-05-05-a-094828.png]
[ageroute.ci/images/thumb_videos/183/_thumb2/capture-decran-dga.png]
[ageroute.ci/images/thumb_videos/245/_thumb2/picdg.gif]
[ageroute.ci/actualites/videos/192-prevention-coronavirus-covid-19-7.html]
[ageroute.ci/actualites/videos/84-historique-et-impact-de-la-voie-express-abobo-anyama.html]
[ageroute.ci/actualites/videos/182-prevention-coronavirus-covi-19.html]
[ageroute.ci/actualites/videos/85-pont-henri-konan-bedie-fierte-nationale.html]
[ageroute.ci/images/thumb_videos/176/_thumb2/voirie-toumodi.png]
[ageroute.ci/actualites/videos/86-pont-de-jacqueville-mie.html]
[ageroute.ci/actualites/videos/195-prevention-coronavirus-covid-19-9.html]
[ageroute.ci/actualites/videos/201-projet-de-curage-des-caniveaux.html]
[ageroute.ci/actualites/videos/190-prevention-coronavirus-covid-19-6.html]
[ageroute.ci/images/article/180/page-de-garde-ao.png]
[ageroute.ci/media/files/180/reponses-eclaitrcissement-j210.pdf]
[ageroute.ci/media/files/180/reponses-eclaircissement-t4.pdf]
[ageroute.ci/media/files/180/reponses-eclaircissements-j6.pdf]
[ageroute.ci/appels-d-offres/avis-d-appel-d-offres-de-travaux/180-reponses-a-des-demandes-d-eclaircissements-travaux-de-construction-de-trois-03-echangeurs-sur-le-boulevard-mitterand-]
[ageroute.ci/media/files/184/avis-de-report-n-203-echangeurs-aao-n-t-93420191.pdf]
[ageroute.ci/appels-d-offres/avis-d-appel-d-offres-de-travaux/184-travaux-de-construction-de-trois-03-echangeurs-a-abidjan.html]
[ageroute.ci/media/files/181/reponses-eclaircissements-j10.pdf]
[ageroute.ci/media/files/181/181214e-010.pdf]
[ageroute.ci/media/files/181/reponses-eclaircissements-j11.pdf]
[ageroute.ci/media/files/181/reponses-eclaircissements-sh7.pdf]
[ageroute.ci/media/files/181/reponses-eclaircissements-t3.pdf]
[ageroute.ci/media/files/181/reponses-eclaicissements-j12.pdf]
[ageroute.ci/media/files/181/reponses-eclaircissements-j9.pdf]
[ageroute.ci/media/files/181/jica181217hand-hole-m--s.pdf]
[ageroute.ci/media/files/181/reponses-eclaircissements-sh5.pdf]
[ageroute.ci/appels-d-offres/avis-d-appel-d-offres-de-travaux/181-reponses-a-des-demandes-d-eclaircissements-travaux-de-construction-de-trois-03-echangeurs-sur-le-boulevard-mitterand-]
[ageroute.ci/media/files/237/amielaborationdunplandamenagement-boribana-yao-sehi-et-doukoure-080720-vu-cpdu-balde--revue-snfi1bosso.pdf]
[ageroute.ci/appels-d-offres/avis-de-manifestation-d-interet/237-projet-de-transport-urbain-d-abidjan-ptua-2.html]
[ageroute.ci/media/files/205/ptua-ami-auidit-technique-du-ptuaok-1.pdf]
[ageroute.ci/appels-d-offres/avis-de-manifestation-d-interet/205-avis-a-manifestation-d-interet-services-de-consultants-5.html]
[ageroute.ci/media/files/238/amiparkwayplnvertrevuesnfibosso.pdf]
[ageroute.ci/appels-d-offres/avis-de-manifestation-d-interet/238-avis-a-manifestation-d-interet-services-de-consultants-etude-d-elaboration-du-plan-vert-du-district-autonome-d-abidjan]
[ageroute.ci/media/files/206/ptua-ami-auidit-passation-des-marches-du-ptuaok-3.pdf]
[ageroute.ci/appels-d-offres/avis-de-manifestation-d-interet/206-avis-a-manifestation-d-interet-services-de-consultants-6.html]
[ageroute.ci/media/files/204/ptua-ami-revisionextension-prog-educ-scolaire-secu-routiererelanceaddendum-1.pdf]
[ageroute.ci/appels-d-offres/avis-de-manifestation-d-interet/204-avis-a-manifestation-d-interet-services-de-consultants-4.html]
[ageroute.ci/media/files/198/ptua-ami-hydrocarbure-ok.pdf]
[ageroute.ci/appels-d-offres/avis-de-manifestation-d-interet/198-avis-a-manifestation-d-interet-services-de-consultants-2.html]
[ageroute.ci/media/files/191/ptua-ami-elaboration-reglement-general-de-la-police-stationnement.pdf]
[ageroute.ci/appels-d-offres/avis-de-manifestation-d-interet/191-avis-a-manifestation-d-interet-services-de-consultants.html]
[ageroute.ci/appels-d-offres/resultas/142-resultats-pour-le-recrutement-de-consultants-travaux-de-rehabilitation-du-pont-houphouet-boigny.html]
[ageroute.ci/media/files/227/avisderesultatamikanawolokorhogo.pdf]
[ageroute.ci/appels-d-offres/resultas/227-resultat-de-l-avis-a-manifestation-d-interet-n-s47-2020.html]
[ageroute.ci/media/files/219/resultatspublicationdappeldoffrebancolot1f1472020.pdf]
[ageroute.ci/appels-d-offres/resultas/219-resultat-de-l-appel-d-offres-national-n-f-147-2020-portant-sur-la-fourniture-d-equipements-pour-l-appui-de-la-gestion-particative-du-parc-urb]
[ageroute.ci/media/files/220/resultatspublicationdappeldoffredaaf1522020.pdf]
[ageroute.ci/appels-d-offres/resultas/220-resultat-de-l-appel-d-offres-national-n-f-152-2020-portant-sur-la-fourniture-de-materiels-techniques-pour-le-district-autonome-d-abidjan.21c]
[ageroute.ci/media/files/207/publication-des-resultats-du-t28bos-1-phmaxrevu-ptua-final.pdf]
[ageroute.ci/appels-d-offres/resultas/207-publication-de-l-attribution-de-marches-de-travaux.html]
[ageroute.ci/media/files/151/publication-des-resultats-du-4eme-ponttableau.pdf]
[ageroute.ci/appels-d-offres/resultas/151-travaux-de-construction-du-4eme-pont-d-abidjan-entre-les-communes-de-yopougon-et-du-plateau-en-republique-de-cote-d-ivoire.html]
[ageroute.ci/appels-d-offres/resultas/108-resultats-de-la-consultation-restreinte-n-rp-97-2015.html]
[ageroute.ci/appels-d-offres/resultas/107-resultats-de-la-consultation-restreinte-n-rp-78-2015.html]
[ageroute.ci/images/article/212/lancementvoirieadjameextension.png]
[ageroute.ci/actualites/news/212-lancement-des-travaux-de-bitumage-de-la-voirie-de-adjame-extension.html]
[ageroute.ci/images/article/232/picdgaweb.png]
[ageroute.ci/actualites/news/232-ageroute-universite-alassane-ouattara-de-bouake.html]
[ageroute.ci/images/article/235/picvisitechantier.png]
[ageroute.ci/actualites/news/235-visite-des-chantiers-du-4e-et-du-5e-pont-d-abidjan.html]
[ageroute.ci/actualites/documentations/19-rapportsc0d0]
[ageroute.ci/actualites/documentations/19-rapports7b17]
[ageroute.ci/actualites/documentations/19-rapports.html]
[ageroute.ci/actualites/videos/186-prevention-coronavirus-covid-19-3.html]
[ageroute.ci/actualites/videos/214-yamoussoukro-travaux-de-rehabilitation-de-la-voirie.html]
[ageroute.ci/images/thumb_videos/188/_thumb2/m-koman.png]
[ageroute.ci/actualites/videos/202-sensibilisation-contre-l-obstruction-des-ouvrages-d-assainissement.html]
[ageroute.ci/actualites/videos/193-prevention-coronavirus-covid-19-8.html]
[ageroute.ci/actualites/videos/188-prevention-coronavirus-covid-19-5.html]
[ageroute.ci/actualites/videos/183-prevention-coronavirus-covid-19.html]
[ageroute.ci/actualites/videos/176-lancement-des-travaux-de-voirie-de-la-ville-de-toumodi.html]
[ageroute.ci/actualites/videos/175-lancement-des-travaux-de-la-voirie-de-la-ville-de-taabo.html]
[ageroute.ci/actualites/documentations7556.html]
[ageroute.ci/actualites/documentations16da.html]
[ageroute.ci/actualites/documentationsf21b.html]
[ageroute.ci/actualites/documentationsc919.html]
[ageroute.ci/actualites/documentations7327.html]
[ageroute.ci/actualites/documentationsc351.html]
[ageroute.ci/actualites/documentations724d.html]
